(node:37443) [DEP0040] DeprecationWarning: The `punycode` module is deprecated. Please use a userland alternative instead.
(Use `node --trace-deprecation ...` to show where the warning was created)
⚠  emulators: You are not currently authenticated so some features may not work correctly. Please run firebase login to authenticate the CLI.
i  emulators: Starting emulators: firestore
i  firestore: downloading cloud-firestore-emulator-v1.22.0.jar...

i  firestore: Firestore Emulator logging to firestore-debug.log
✔  firestore: Firestore Emulator was started in standard edition.
✔  firestore: Firestore Emulator UI websocket is running on 9150.
i  ui: downloading ui-v1.15.0.zip...


[90m┌─────────────────────────────────────\xe2(node:38911) [DEP0040] DeprecationWarning: The `punycode` module is deprecated. Please use a userland alternative instead.
(Use `node --trace-deprecation ...` to show where the warning was created)
⚠  emulators: You are not currently authenticated so some features may not work correctly. Please run firebase login to authenticate the CLI.
i  emulators: Starting emulators: firestore
⚠  firestore: Port 8080 is not open on localhost (127.0.0.1), could not start Firestore Emulator.
⚠  firestore: To select a different host/port, specify that host/port in a firebase.json config file:
      {
        // ...
        "emulators": {
          "firestore": {
            "host": "HOST",
            "port": "PORT"
          }
        }
      }
⚠  hub: emulator hub unable to start on port 4400, starting on 4401 instead.
⚠  ui: Emulator UI unable to start on port 4000, starting on 4001 instead.
⚠  logging: Logging Emulator unable to start on port 4500, starting on 4501 instead.
i  emulators: Shutting down emulators.

Error: Could not start Firestore Emulator, port taken.
m 127.0.0.1:8080 [90m│[39m http://127.0.0.1:4000/firestore [90m│[39m
[90m└───────────[39m[90m┴────────────────[39m[90m┴─────────────────────────────────┘[39m
  Emulator Hub host: 127.0.0.1 port: 4400
  Other reserved ports: 4500, 9150

Issues? Report them at https://github.com/firebase/firebase-tools/issues and attach the *-debug.log files.
