npm warn exec The following package was not found and will be installed: firebase-tools@15.26.0
npm warn deprecated node-domexception@1.0.0: Use your platform's native DOMException instead
npm warn deprecated json-ptr@3.1.1: Package no longer supported. Contact Support at https://www.npmjs.com/support for more info.
npm warn deprecated uuid@9.0.1: uuid@10 and below is no longer supported.  For ESM codebases, update to uuid@latest.  For CommonJS codebases, use uuid@11 (but be aware this version will likely be deprecated in 2028).
npm warn deprecated glob@10.5.0: Old versions of glob are not supported, and contain widely publicized security vulnerabilities, which have been fixed in the current version. Please update. Support for old versions may be purchased (at exorbitant rates) by contacting i@izs.me
(node:101083) [DEP0040] DeprecationWarning: The `punycode` module is deprecated. Please use a userland alternative instead.
(Use `node --trace-deprecation ...` to show where the warning was created)
⚠  emulators: You are not currently authenticated so some features may not work correctly. Please run firebase login to authenticate the CLI.
i  emulators: Starting emulators: auth, functions, firestore, storage, extensions
i  emulators: Detected demo project ID "demo-project", emulated services will use a demo configuration and attempts to access non-emulated services for this project will fail.
⬢  functions: Failed to start Functions emulator: No valid functions configuration detected in firebase.json
⚠  firestore: Cloud Firestore rules file /app/firebase-project/firestore.rules specified in firebase.json does not exist.
⚠  firestore: The emulator will default to allowing all reads and writes. Learn more about this option: https://firebase.google.com/docs/emulator-suite/install_and_configure#security_rules_configuration.
i  firestore: downloading cloud-firestore-emulator-v1.22.0.jar...

i  firestore: Firestore Emulator logging to firestore-debug.log
✔  firestore: Firestore Emulator was started in standard edition.
✔  firestore: Firestore Emulator UI websocket is running on 9150.
i  storage: Detected demo project ID "demo-project", using a default (open) rules configuration.
i  storage: downloading cloud-storage-rules-runtime-v1.1.3.jar...

i  ui: downloading ui-v1.15.0.zip...


Error: Extensions Emulator is running but Functions emulator is not. This should never happen.
